nohup: ignoring input
2025-11-15 20:27:18 [[32minfo[39m]: Attempting MongoDB connection...
2025-11-15 20:27:18 [[32minfo[39m]: Connecting to: mongodb+srv://mehedi:MhShakib%4012@cluster...
2025-11-15 20:27:21 [[32minfo[39m]: ✅ MongoDB connected successfully!
2025-11-15 20:27:21 [[32minfo[39m]: Connected to database: swapaholic_db
2025-11-15 20:27:21 [[32minfo[39m]: Connection host: ac-d6udbl3-shard-00-00.xck0jyl.mongodb.net
2025-11-15 20:27:21 [[32minfo[39m]: NotificationService initialized with Socket.io
node:events:496
      throw er; // Unhandled 'error' event
      ^

Error: listen EADDRINUSE: address already in use :::5001
    at Server.setupListenHandle [as _listen2] (node:net:1937:16)
    at listenInCluster (node:net:1994:12)
    at Server.listen (node:net:2099:7)
    at C:\Users\user\Desktop\CSE_ALL\Capstone\Swapaholic\backend\src\index.js:89:12
    at process.processTicksAndRejections (node:internal/process/task_queues:105:5)
Emitted 'error' event on Server instance at:
    at emitErrorNT (node:net:1973:8)
    at process.processTicksAndRejections (node:internal/process/task_queues:90:21) {
  code: 'EADDRINUSE',
  errno: -4091,
  syscall: 'listen',
  address: '::',
  port: 5001
}

Node.js v22.14.0
